<testsuite errors="0" failures="0" name="Django Project Tests" skips="0" tests="76" time="9.552"><testcase classname="accounts.tests.test_form_signup.SignUpFormTest" name="test_form_has_fields" time="0.000000" /><testcase classname="accounts.tests.test_mail_password_reset.PasswordResetMailTests" name="test_email_body" time="0.152401" /><testcase classname="accounts.tests.test_mail_password_reset.PasswordResetMailTests" name="test_email_subject" time="0.122702" /><testcase classname="accounts.tests.test_mail_password_reset.PasswordResetMailTests" name="test_email_to" time="0.123697" /><testcase classname="accounts.tests.test_view_password_change.InvalidPasswordChangeTests" name="test_form_errors" time="0.258284" /><testcase classname="accounts.tests.test_view_password_change.InvalidPasswordChangeTests" name="test_password_didnt_change" time="0.373758" /><testcase classname="accounts.tests.test_view_password_change.InvalidPasswordChangeTests" name="test_status_code" time="0.249047" /><testcase classname="accounts.tests.test_view_password_change.LoginRequiredPasswordChangeTests" name="test_redirection" time="0.003989" /><testcase classname="accounts.tests.test_view_password_change.SuccessfulPasswordChangeTests" name="test_password_change" time="0.491750" /><testcase classname="accounts.tests.test_view_password_change.SuccessfulPasswordChangeTests" name="test_redirection" time="0.491661" /><testcase classname="accounts.tests.test_view_password_reset.InvalidPasswordResetTests" name="test_no_reset_email_sent" time="0.001025" /><testcase classname="accounts.tests.test_view_password_reset.InvalidPasswordResetTests" name="test_redirection" time="0.002992" /><testcase classname="accounts.tests.test_view_password_reset.InvalidResetPasswordConfirmTests" name="test_html" time="0.242983" /><testcase classname="accounts.tests.test_view_password_reset.InvalidResetPasswordConfirmTests" name="test_status_code" time="0.242417" /><testcase classname="accounts.tests.test_view_password_reset.PasswordResetCompleteTests" name="test_status_code" time="0.001991" /><testcase classname="accounts.tests.test_view_password_reset.PasswordResetCompleteTests" name="test_view_function" time="0.001001" /><testcase classname="accounts.tests.test_view_password_reset.PasswordResetConfirmTests" name="test_contains_form" time="0.126389" /><testcase classname="accounts.tests.test_view_password_reset.PasswordResetConfirmTests" name="test_csrf" time="0.127631" /><testcase classname="accounts.tests.test_view_password_reset.PasswordResetConfirmTests" name="test_form_inputs" time="0.127658" /><testcase classname="accounts.tests.test_view_password_reset.PasswordResetConfirmTests" name="test_status_code" time="0.126688" /><testcase classname="accounts.tests.test_view_password_reset.PasswordResetConfirmTests" name="test_view_function" time="0.127643" /><testcase classname="accounts.tests.test_view_password_reset.PasswordResetDoneTests" name="test_status_code" time="0.001006" /><testcase classname="accounts.tests.test_view_password_reset.PasswordResetDoneTests" name="test_view_function" time="0.001013" /><testcase classname="accounts.tests.test_view_password_reset.PasswordResetTests" name="test_contains_form" time="0.002989" /><testcase classname="accounts.tests.test_view_password_reset.PasswordResetTests" name="test_csrf" time="0.001970" /><testcase classname="accounts.tests.test_view_password_reset.PasswordResetTests" name="test_form_inputs" time="0.002016" /><testcase classname="accounts.tests.test_view_password_reset.PasswordResetTests" name="test_status_code" time="0.001974" /><testcase classname="accounts.tests.test_view_password_reset.PasswordResetTests" name="test_view_function" time="0.002019" /><testcase classname="accounts.tests.test_view_password_reset.SuccessfulPasswordResetTests" name="test_redirection" time="0.124670" /><testcase classname="accounts.tests.test_view_password_reset.SuccessfulPasswordResetTests" name="test_send_password_reset_email" time="0.122672" /><testcase classname="accounts.tests.test_view_signup.InvalidSignupTests" name="test_form_errors" time="0.003986" /><testcase classname="accounts.tests.test_view_signup.InvalidSignupTests" name="test_singup_status_code" time="0.003018" /><testcase classname="accounts.tests.test_view_signup.InvalidSignupTests" name="test_user_is_not_created" time="0.003989" /><testcase classname="accounts.tests.test_view_signup.SignUpTests" name="test_contains_form" time="0.002996" /><testcase classname="accounts.tests.test_view_signup.SignUpTests" name="test_csrf" time="0.003991" /><testcase classname="accounts.tests.test_view_signup.SignUpTests" name="test_form_inputs" time="0.002993" /><testcase classname="accounts.tests.test_view_signup.SignUpTests" name="test_signup_status_code" time="0.002992" /><testcase classname="accounts.tests.test_view_signup.SignUpTests" name="test_signup_url_resolves_signup_view" time="0.002992" /><testcase classname="accounts.tests.test_view_signup.SuccessSignUpTests" name="test_redirection" time="0.132645" /><testcase classname="accounts.tests.test_view_signup.SuccessSignUpTests" name="test_user_authentication" time="0.128656" /><testcase classname="accounts.tests.test_view_signup.SuccessSignUpTests" name="test_user_creation" time="0.124731" /><testcase classname="boards.tests.test_templatetags.FieldTypeTests" name="test_field_widget_type" time="0.000000" /><testcase classname="boards.tests.test_templatetags.InputClassTests" name="test_invalid_bound_field" time="0.000968" /><testcase classname="boards.tests.test_templatetags.InputClassTests" name="test_unbound_field_initial_state" time="0.000000" /><testcase classname="boards.tests.test_templatetags.InputClassTests" name="test_valid_bound_field" time="0.000000" /><testcase classname="boards.tests.test_view_board_topics.BoardTopicsTests" name="test_board_topics_page_contains_navigation_links" time="0.005984" /><testcase classname="boards.tests.test_view_board_topics.BoardTopicsTests" name="test_board_topics_view_not_found_status_code" time="0.001995" /><testcase classname="boards.tests.test_view_board_topics.BoardTopicsTests" name="test_board_topics_view_success_status_code" time="0.003990" /><testcase classname="boards.tests.test_view_board_topics.BoardTopicsTests" name="test_home_url_resolves_board_topics_view" time="0.000000" /><testcase classname="boards.tests.test_view_edit_post.LoginRequiredPostUpdateViewTests" name="test_redirection" time="0.127323" /><testcase classname="boards.tests.test_view_edit_post.UnauthorizedPostUpdateViewTests" name="test_status_code" time="0.371944" /><testcase classname="boards.tests.test_view_home.HomePageTests" name="test_home_page_contains_link_to_topics_page" time="0.004294" /><testcase classname="boards.tests.test_view_home.HomePageTests" name="test_home_url_resolves_home_view" time="0.002990" /><testcase classname="boards.tests.test_view_home.HomePageTests" name="test_home_view_status" time="0.004964" /><testcase classname="boards.tests.test_view_new_topic.LoginRequiredNewTopicTests" name="test_redirection" time="0.003022" /><testcase classname="boards.tests.test_view_new_topic.NewTopicTest" name="test_contains_form" time="0.248322" /><testcase classname="boards.tests.test_view_new_topic.NewTopicTest" name="test_csrf" time="0.252329" /><testcase classname="boards.tests.test_view_new_topic.NewTopicTest" name="test_new_topic_invalid_post_data" time="0.248332" /><testcase classname="boards.tests.test_view_new_topic.NewTopicTest" name="test_new_topic_invalid_post_data_empty_fields" time="0.247313" /><testcase classname="boards.tests.test_view_new_topic.NewTopicTest" name="test_new_topic_url_resolves_new_topic_view" time="0.244378" /><testcase classname="boards.tests.test_view_new_topic.NewTopicTest" name="test_new_topic_valid_post_data" time="0.248220" /><testcase classname="boards.tests.test_view_new_topic.NewTopicTest" name="test_new_topic_view_contains_link_back_to_board_topics_view" time="0.248333" /><testcase classname="boards.tests.test_view_new_topic.NewTopicTest" name="test_new_topic_view_not_found_status_code" time="0.246370" /><testcase classname="boards.tests.test_view_new_topic.NewTopicTest" name="test_new_topic_view_success_status_code" time="0.247310" /><testcase classname="boards.tests.test_view_reply_topic.InvalidReplyTopicTests" name="test_form_error" time="0.255330" /><testcase classname="boards.tests.test_view_reply_topic.InvalidReplyTopicTests" name="test_status_code" time="0.250806" /><testcase classname="boards.tests.test_view_reply_topic.LoginRequiredReplyTopicTests" name="test_redirection" time="0.124265" /><testcase classname="boards.tests.test_view_reply_topic.ReplyTopicTests" name="test_contains_csrf" time="0.249835" /><testcase classname="boards.tests.test_view_reply_topic.ReplyTopicTests" name="test_contains_form" time="0.249333" /><testcase classname="boards.tests.test_view_reply_topic.ReplyTopicTests" name="test_form_inputs" time="0.249363" /><testcase classname="boards.tests.test_view_reply_topic.ReplyTopicTests" name="test_response_status_code" time="0.249362" /><testcase classname="boards.tests.test_view_reply_topic.ReplyTopicTests" name="test_view_function" time="0.249359" /><testcase classname="boards.tests.test_view_reply_topic.SuccessfulReplyTopicTests" name="test_redirection" time="0.313843" /><testcase classname="boards.tests.test_view_reply_topic.SuccessfulReplyTopicTests" name="test_reply_created" time="0.253195" /><testcase classname="boards.tests.test_view_topic_posts.TopicPostsTests" name="test_status_code" time="0.128685" /><testcase classname="boards.tests.test_view_topic_posts.TopicPostsTests" name="test_view_function" time="0.126691" /></testsuite>